// Jest Snapshot v1, https://goo.gl/fbAQLP

exports[`Home page renders without crashing 1`] = `
<div>
  <h1>
    Rick & Morty
  </h1>
  <div
    className="container"
  >
    <div
      className="loading"
    />
  </div>
</div>
`;
